This is pdfTeX, Version 3.141592653-2.6-1.40.29 (TeX Live 2026) (preloaded format=pdflatex 2026.8.12)  26 SEP 2026 12:36
entering extended mode
 restricted \write18 enabled.
 %&-line parsing enabled.
**main.tex
(./main.tex
LaTeX2e <2026-06-01>
L3 programming layer <2026-07-20>
(c:/Users/jingquanw/texlive/2026/texmf-dist/tex/latex/base/article.cls
Document Class: article 2025/01/22 v1.4n Standard LaTeX document class
(c:/Users/jingquanw/texlive/2026/texmf-dist/tex/latex/base/size11.clo
File: size11.clo 2025/01/22 v1.4n Standard LaTeX file (size option)
)
\c@part=\count276
\c@section=\count277
\c@subsection=\count278
\c@subsubsection=\count279
\c@paragraph=\count280
\c@subparagraph=\count281
\c@figure=\count282
\c@table=\count283
\abovecaptionskip=\skip49
\belowcaptionskip=\skip50
\bibindent=\dimen150
)
(./acl.sty
Conference Style for ACL
(c:/Users/jingquanw/texlive/2026/texmf-dist/tex/latex/xcolor/xcolor.sty
Package: xcolor 2024/09/29 v3.02 LaTeX color extensions (UK)

(c:/Users/jingquanw/texlive/2026/texmf-dist/tex/latex/graphics-cfg/color.cfg
File: color.cfg 2016/01/02 v1.6 sample color configuration
)
Package xcolor Info: Driver file: pdftex.def on input line 274.

(c:/Users/jingquanw/texlive/2026/texmf-dist/tex/latex/graphics-def/pdftex.def
File: pdftex.def 2025/09/29 v1.2d Graphics/color driver for pdftex
)
(c:/Users/jingquanw/texlive/2026/texmf-dist/tex/latex/graphics/mathcolor.ltx)
Package xcolor Info: Model `cmy' substituted by `cmy0' on input line 1349.
Package xcolor Info: Model `hsb' substituted by `rgb' on input line 1353.
Package xcolor Info: Model `RGB' extended on input line 1365.
Package xcolor Info: Model `HTML' substituted by `rgb' on input line 1367.
Package xcolor Info: Model `Hsb' substituted by `hsb' on input line 1368.
Package xcolor Info: Model `tHsb' substituted by `hsb' on input line 1369.
Package xcolor Info: Model `HSB' substituted by `hsb' on input line 1370.
Package xcolor Info: Model `Gray' substituted by `gray' on input line 1371.
Package xcolor Info: Model `wave' substituted by `hsb' on input line 1372.
)
(c:/Users/jingquanw/texlive/2026/texmf-dist/tex/latex/geometry/geometry.sty
Package: geometry 2026/03/07 v6.0 Page Geometry

(c:/Users/jingquanw/texlive/2026/texmf-dist/tex/latex/graphics/keyval.sty
Package: keyval 2026-05-17 v1.15 key=value parser (DPC)
\KV@toks@=\toks17
)
(c:/Users/jingquanw/texlive/2026/texmf-dist/tex/generic/iftex/ifvtex.sty
Package: ifvtex 2019/10/25 v1.7 ifvtex legacy package. Use iftex instead.

(c:/Users/jingquanw/texlive/2026/texmf-dist/tex/generic/iftex/iftex.sty
Package: iftex 2024/12/12 v1.0g TeX engine tests
))
\Gm@cnth=\count284
\Gm@cntv=\count285
\c@Gm@tempcnt=\count286
\Gm@bindingoffset=\dimen151
\Gm@wd@mp=\dimen152
\Gm@odd@mp=\dimen153
\Gm@even@mp=\dimen154
\Gm@layoutwidth=\dimen155
\Gm@layoutheight=\dimen156
\Gm@layouthoffset=\dimen157
\Gm@layoutvoffset=\dimen158
\Gm@dimlist=\toks18
)
\titlebox=\skip51

(c:/Users/jingquanw/texlive/2026/texmf-dist/tex/latex/caption/caption.sty
Package: caption 2023/08/05 v3.6o Customizing captions (AR)

(c:/Users/jingquanw/texlive/2026/texmf-dist/tex/latex/caption/caption3.sty
Package: caption3 2023/07/31 v2.4d caption3 kernel (AR)
\caption@tempdima=\dimen159
\captionmargin=\dimen160
\caption@leftmargin=\dimen161
\caption@rightmargin=\dimen162
\caption@width=\dimen163
\caption@indent=\dimen164
\caption@parindent=\dimen165
\caption@hangindent=\dimen166
Package caption Info: Standard document class detected.
)
\c@caption@flags=\count287
\c@continuedfloat=\count288
)
(c:/Users/jingquanw/texlive/2026/texmf-dist/tex/latex/natbib/natbib.sty
Package: natbib 2010/09/13 8.31b (PWD, AO)
\bibhang=\skip52
\bibsep=\skip53
LaTeX Info: Redefining \cite on input line 694.
\c@NAT@ctr=\count289
)
(c:/Users/jingquanw/texlive/2026/texmf-dist/tex/latex/hyperref/hyperref.sty
Package: hyperref 2026-06-17 v7.01r Hypertext links for LaTeX

(c:/Users/jingquanw/texlive/2026/texmf-dist/tex/latex/kvsetkeys/kvsetkeys.sty
Package: kvsetkeys 2022-10-05 v1.19 Key value parser (HO)
)
(c:/Users/jingquanw/texlive/2026/texmf-dist/tex/generic/kvdefinekeys/kvdefineke
ys.sty
Package: kvdefinekeys 2019-12-19 v1.6 Define keys (HO)
)
(c:/Users/jingquanw/texlive/2026/texmf-dist/tex/generic/pdfescape/pdfescape.sty
Package: pdfescape 2019/12/09 v1.15 Implements pdfTeX's escape features (HO)
(c:/Users/jingquanw/texlive/2026/texmf-dist/tex/generic/ltxcmds/ltxcmds.sty
Package: ltxcmds 2023-12-04 v1.26 LaTeX kernel commands for general use (HO)
)
(c:/Users/jingquanw/texlive/2026/texmf-dist/tex/generic/pdftexcmds/pdftexcmds.s
ty
Package: pdftexcmds 2020-06-27 v0.33 Utility functions of pdfTeX for LuaTeX (HO
)

(c:/Users/jingquanw/texlive/2026/texmf-dist/tex/generic/infwarerr/infwarerr.sty
Package: infwarerr 2019/12/03 v1.5 Providing info/warning/error messages (HO)
)
Package pdftexcmds Info: \pdf@primitive is available.
Package pdftexcmds Info: \pdf@ifprimitive is available.
Package pdftexcmds Info: \pdfdraftmode found.
)) (c:/Users/jingquanw/texlive/2026/texmf-dist/tex/latex/hycolor/hycolor.sty
Package: hycolor 2020-01-27 v1.10 Color options for hyperref/bookmark (HO)
)
(c:/Users/jingquanw/texlive/2026/texmf-dist/tex/latex/hyperref/nameref.sty
Package: nameref 2026-01-29 v2.58 Cross-referencing by name of section

(c:/Users/jingquanw/texlive/2026/texmf-dist/tex/latex/refcount/refcount.sty
Package: refcount 2019/12/15 v3.6 Data extraction from label references (HO)
)
(c:/Users/jingquanw/texlive/2026/texmf-dist/tex/generic/gettitlestring/gettitle
string.sty
Package: gettitlestring 2019/12/15 v1.6 Cleanup title references (HO)

(c:/Users/jingquanw/texlive/2026/texmf-dist/tex/latex/kvoptions/kvoptions.sty
Package: kvoptions 2022-06-15 v3.15 Key value format for package options (HO)
))
\c@section@level=\count290
) (c:/Users/jingquanw/texlive/2026/texmf-dist/tex/latex/etoolbox/etoolbox.sty
Package: etoolbox 2025/10/02 v2.5m e-TeX tools for LaTeX (JAW)
\etb@tempcnta=\count291
)
(c:/Users/jingquanw/texlive/2026/texmf-dist/tex/generic/stringenc/stringenc.sty
Package: stringenc 2019/11/29 v1.12 Convert strings between diff. encodings (HO
)
)
\@linkdim=\dimen167
\Hy@linkcounter=\count292
\Hy@pagecounter=\count293
 (c:/Users/jingquanw/texlive/2026/texmf-dist/tex/latex/hyperref/pd1enc.def
File: pd1enc.def 2026-06-17 v7.01r Hyperref: PDFDocEncoding definition (HO)
Now handling font encoding PD1 ...
... no UTF-8 mapping file for font encoding PD1
)
(c:/Users/jingquanw/texlive/2026/texmf-dist/tex/generic/intcalc/intcalc.sty
Package: intcalc 2019/12/15 v1.3 Expandable calculations with integers (HO)
)
\Hy@SavedSpaceFactor=\count294

(c:/Users/jingquanw/texlive/2026/texmf-dist/tex/latex/hyperref/puenc.def
File: puenc.def 2026-06-17 v7.01r Hyperref: PDF Unicode definition (HO)
Now handling font encoding PU ...
... no UTF-8 mapping file for font encoding PU
)
Package hyperref Info: Option `breaklinks' set `true' on input line 4070.
Package hyperref Info: Hyper figures OFF on input line 4199.
Package hyperref Info: Link nesting OFF on input line 4204.
Package hyperref Info: Hyper index ON on input line 4207.
Package hyperref Info: Plain pages OFF on input line 4214.
Package hyperref Info: Backreferencing OFF on input line 4219.
Package hyperref Info: Implicit mode ON; LaTeX internals redefined.
Package hyperref Info: Bookmarks ON on input line 4466.
\c@Hy@tempcnt=\count295

(c:/Users/jingquanw/texlive/2026/texmf-dist/tex/latex/url/url.sty
\Urlmuskip=\muskip17
Package: url 2013/09/16  ver 3.4  Verb mode for urls, etc.
)
LaTeX Info: Redefining \url on input line 4805.
\XeTeXLinkMargin=\dimen168

(c:/Users/jingquanw/texlive/2026/texmf-dist/tex/generic/bitset/bitset.sty
Package: bitset 2019/12/09 v1.3 Handle bit-vector datatype (HO)

(c:/Users/jingquanw/texlive/2026/texmf-dist/tex/generic/bigintcalc/bigintcalc.s
ty
Package: bigintcalc 2019/12/15 v1.5 Expandable calculations on big integers (HO
)
))
\Fld@menulength=\count296
\Field@Width=\dimen169
\Fld@charsize=\dimen170
Package hyperref Info: Hyper figures OFF on input line 6091.
Package hyperref Info: Link nesting OFF on input line 6096.
Package hyperref Info: Hyper index ON on input line 6099.
Package hyperref Info: backreferencing OFF on input line 6106.
Package hyperref Info: Link coloring OFF on input line 6111.
Package hyperref Info: Link coloring with OCG OFF on input line 6116.
Package hyperref Info: PDF/A mode OFF on input line 6121.
\Hy@abspage=\count297
\c@Item=\count298
\c@Hfootnote=\count299
)
Package hyperref Info: Driver (autodetected): hpdftex.

(c:/Users/jingquanw/texlive/2026/texmf-dist/tex/latex/hyperref/hpdftex.def
File: hpdftex.def 2026-06-17 v7.01r Hyperref driver for pdfTeX
\Fld@listcount=\count300
\c@bookmark@seq@number=\count301

(c:/Users/jingquanw/texlive/2026/texmf-dist/tex/latex/rerunfilecheck/rerunfilec
heck.sty
Package: rerunfilecheck 2025-06-21 v1.11 Rerun checks for auxiliary files (HO)

(c:/Users/jingquanw/texlive/2026/texmf-dist/tex/generic/uniquecounter/uniquecou
nter.sty
Package: uniquecounter 2019/12/15 v1.4 Provide unlimited unique counter (HO)
)
Package uniquecounter Info: New unique counter `rerunfilecheck' on input line 2
84.
)
\Hy@SectionHShift=\skip54
)
Package hyperref Info: Option `colorlinks' set `true' on input line 305.
)
(c:/Users/jingquanw/texlive/2026/texmf-dist/tex/latex/psnfss/times.sty
Package: times 2020/03/25 PSNFSS-v9.3 (SPQR) 
)
(c:/Users/jingquanw/texlive/2026/texmf-dist/tex/latex/base/latexsym.sty
Package: latexsym 1998/08/17 v2.2e Standard LaTeX package (lasy symbols)
\symlasy=\mathgroup4
LaTeX Font Info:    Overwriting symbol font `lasy' in version `bold'
(Font)                  U/lasy/m/n --> U/lasy/b/n on input line 52.
)
(c:/Users/jingquanw/texlive/2026/texmf-dist/tex/latex/base/fontenc.sty
Package: fontenc 2025/07/18 v2.1d Standard LaTeX package
LaTeX Font Info:    Trying to load font information for T1+ptm on input line 11
6.

(c:/Users/jingquanw/texlive/2026/texmf-dist/tex/latex/psnfss/t1ptm.fd
File: t1ptm.fd 2001/06/04 font definitions for T1/ptm.
))
(c:/Users/jingquanw/texlive/2026/texmf-dist/tex/latex/base/inputenc.sty
Package: inputenc 2024/02/08 v1.3d Input encoding file
\inpenc@prehook=\toks19
\inpenc@posthook=\toks20
)
(c:/Users/jingquanw/texlive/2026/texmf-dist/tex/latex/microtype/microtype.sty
Package: microtype 2026/03/01 v3.2d Micro-typographical refinements (RS)
\MT@toks=\toks21
\MT@tempbox=\box53
\MT@count=\count302
LaTeX Info: Redefining \noprotrusionifhmode on input line 1084.
LaTeX Info: Redefining \leftprotrusion on input line 1085.
\MT@prot@toks=\toks22
LaTeX Info: Redefining \rightprotrusion on input line 1104.
LaTeX Info: Redefining \textls on input line 1449.
\MT@outer@kern=\dimen171
LaTeX Info: Redefining \microtypecontext on input line 2053.
LaTeX Info: Redefining \textmicrotypecontext on input line 2070.
\MT@listname@count=\count303

(c:/Users/jingquanw/texlive/2026/texmf-dist/tex/latex/microtype/microtype-pdfte
x.def
File: microtype-pdftex.def 2026/03/01 v3.2d Definitions specific to pdftex (RS)

LaTeX Info: Redefining \lsstyle on input line 944.
LaTeX Info: Redefining \lslig on input line 944.
\MT@outer@space=\skip55
)
Package microtype Info: Loading configuration file microtype.cfg.

(c:/Users/jingquanw/texlive/2026/texmf-dist/tex/latex/microtype/microtype.cfg
File: microtype.cfg 2026/03/01 v3.2d microtype main configuration file (RS)
)
LaTeX Info: Redefining \microtypesetup on input line 3065.
)
(c:/Users/jingquanw/texlive/2026/texmf-dist/tex/latex/inconsolata/inconsolata.s
ty
Package: inconsolata 2019/05/17 v1.12
 `inconsolata-zi4' v1.12, 2019/05/17 Text macros for Inconsolata (msharpe)
(c:/Users/jingquanw/texlive/2026/texmf-dist/tex/latex/base/textcomp.sty
Package: textcomp 2024/04/24 v2.1b Standard LaTeX package
)
(c:/Users/jingquanw/texlive/2026/texmf-dist/tex/latex/xkeyval/xkeyval.sty
Package: xkeyval 2025/11/04 v2.10 package option processing (HA)

(c:/Users/jingquanw/texlive/2026/texmf-dist/tex/generic/xkeyval/xkeyval.tex
(c:/Users/jingquanw/texlive/2026/texmf-dist/tex/generic/xkeyval/xkvutils.tex
\XKV@toks=\toks23
\XKV@tempa@toks=\toks24
\XKV@tempb@toks=\toks25
)
\XKV@depth=\count304
File: xkeyval.tex 2014/12/03 v2.7a key=value parser (HA)
))
\zifour@ocount=\count305
) (c:/Users/jingquanw/texlive/2026/texmf-dist/tex/latex/graphics/graphicx.sty
Package: graphicx 2026-05-17 v1.2e Enhanced LaTeX Graphics (DPC,SPQR)

(c:/Users/jingquanw/texlive/2026/texmf-dist/tex/latex/graphics/graphics.sty
Package: graphics 2026-05-17 v1.4h Standard LaTeX Graphics (DPC,SPQR)

(c:/Users/jingquanw/texlive/2026/texmf-dist/tex/latex/graphics/trig.sty
Package: trig 2023/12/02 v1.11 sin cos tan (DPC)
)
(c:/Users/jingquanw/texlive/2026/texmf-dist/tex/latex/graphics-cfg/graphics.cfg
File: graphics.cfg 2016/06/04 v1.11 sample graphics configuration
)
Package graphics Info: Driver file: pdftex.def on input line 106.
)
\Gin@req@height=\dimen172
\Gin@req@width=\dimen173
) (c:/Users/jingquanw/texlive/2026/texmf-dist/tex/latex/booktabs/booktabs.sty
Package: booktabs 2020/01/12 v1.61803398 Publication quality tables
\heavyrulewidth=\dimen174
\lightrulewidth=\dimen175
\cmidrulewidth=\dimen176
\belowrulesep=\dimen177
\belowbottomsep=\dimen178
\aboverulesep=\dimen179
\abovetopsep=\dimen180
\cmidrulesep=\dimen181
\cmidrulekern=\dimen182
\defaultaddspace=\dimen183
\@cmidla=\count306
\@cmidlb=\count307
\@aboverulesep=\dimen184
\@belowrulesep=\dimen185
\@thisruleclass=\count308
\@lastruleclass=\count309
\@thisrulewidth=\dimen186
) (c:/Users/jingquanw/texlive/2026/texmf-dist/tex/latex/amsmath/amsmath.sty
Package: amsmath 2026/05/19 v2.18d AMS math features
\@mathmargin=\skip56

For additional information on amsmath, use the `?' option.
(c:/Users/jingquanw/texlive/2026/texmf-dist/tex/latex/amsmath/amstext.sty
Package: amstext 2024/11/17 v2.01 AMS text

(c:/Users/jingquanw/texlive/2026/texmf-dist/tex/latex/amsmath/amsgen.sty
File: amsgen.sty 1999/11/30 v2.0 generic functions
\@emptytoks=\toks26
\ex@=\dimen187
))
(c:/Users/jingquanw/texlive/2026/texmf-dist/tex/latex/amsmath/amsbsy.sty
Package: amsbsy 1999/11/29 v1.2d Bold Symbols
\pmbraise@=\dimen188
)
(c:/Users/jingquanw/texlive/2026/texmf-dist/tex/latex/amsmath/amsopn.sty
Package: amsopn 2022/04/08 v2.04 operator names
)
\inf@bad=\count310
LaTeX Info: Redefining \frac on input line 233.
\uproot@=\count311
\leftroot@=\count312
LaTeX Info: Redefining \overline on input line 398.
LaTeX Info: Redefining \colon on input line 409.
\classnum@=\count313
\DOTSCASE@=\count314
LaTeX Info: Redefining \ldots on input line 495.
LaTeX Info: Redefining \dots on input line 498.
LaTeX Info: Redefining \cdots on input line 619.
\Mathstrutbox@=\box54
\strutbox@=\box55
LaTeX Info: Redefining \big on input line 721.
LaTeX Info: Redefining \Big on input line 722.
LaTeX Info: Redefining \bigg on input line 723.
LaTeX Info: Redefining \Bigg on input line 724.
\big@size=\dimen189
LaTeX Font Info:    Redeclaring font encoding OML on input line 742.
LaTeX Font Info:    Redeclaring font encoding OMS on input line 743.
\macc@depth=\count315
LaTeX Info: Redefining \bmod on input line 904.
LaTeX Info: Redefining \pmod on input line 909.
LaTeX Info: Redefining \smash on input line 939.
LaTeX Info: Redefining \relbar on input line 969.
LaTeX Info: Redefining \Relbar on input line 970.
\c@MaxMatrixCols=\count316
\dotsspace@=\muskip18
\c@parentequation=\count317
\dspbrk@lvl=\count318
\tag@help=\toks27
\row@=\count319
\column@=\count320
\maxfields@=\count321
\andhelp@=\toks28
\eqnshift@=\dimen190
\alignsep@=\dimen191
\tagshift@=\dimen192
\tagwidth@=\dimen193
\totwidth@=\dimen194
\lineht@=\dimen195
\@envbody=\toks29
\multlinegap=\skip57
\multlinetaggap=\skip58
\mathdisplay@stack=\toks30
LaTeX Info: Redefining \[ on input line 2965.
LaTeX Info: Redefining \] on input line 2966.
)
(c:/Users/jingquanw/texlive/2026/texmf-dist/tex/latex/amsfonts/amsfonts.sty
Package: amsfonts 2013/01/14 v3.01 Basic AMSFonts support
\symAMSa=\mathgroup5
\symAMSb=\mathgroup6
LaTeX Font Info:    Redeclaring math symbol \hbar on input line 98.
LaTeX Font Info:    Overwriting math alphabet `\mathfrak' in version `bold'
(Font)                  U/euf/m/n --> U/euf/b/n on input line 106.
)
(c:/Users/jingquanw/texlive/2026/texmf-dist/tex/latex/tools/array.sty
Package: array 2026/02/24 v2.7b Tabular extension package (FMi)
\col@sep=\dimen196
\ar@mcellbox=\box56
\extrarowheight=\dimen197
\NC@list=\toks31
\extratabsurround=\skip59
\backup@length=\skip60
\ar@cellbox=\box57
)
(c:/Users/jingquanw/texlive/2026/texmf-dist/tex/latex/tools/tabularx.sty
Package: tabularx 2023/12/11 v2.12a `tabularx' package (DPC)
\TX@col@width=\dimen198
\TX@old@table=\dimen199
\TX@old@col=\dimen256
\TX@target=\dimen257
\TX@delta=\dimen258
\TX@cols=\count322
\TX@ftn=\toks32
)
(c:/Users/jingquanw/texlive/2026/texmf-dist/tex/latex/placeins/placeins.sty
Package: placeins 2005/04/18  v 2.2
)
(c:/Users/jingquanw/texlive/2026/texmf-dist/tex/latex/float/float.sty
Package: float 2001/11/08 v1.3d Float enhancements (AL)
\c@float@type=\count323
\float@exts=\toks33
\float@box=\box58
\@float@everytoks=\toks34
\@floatcapt=\box59
)
(c:/Users/jingquanw/texlive/2026/texmf-dist/tex/latex/pgf/frontendlayer/tikz.st
y (c:/Users/jingquanw/texlive/2026/texmf-dist/tex/latex/pgf/basiclayer/pgf.sty
(c:/Users/jingquanw/texlive/2026/texmf-dist/tex/latex/pgf/utilities/pgfrcs.sty
(c:/Users/jingquanw/texlive/2026/texmf-dist/tex/generic/pgf/utilities/pgfutil-c
ommon.tex
\pgfutil@everybye=\toks35
\pgfutil@tempdima=\dimen259
\pgfutil@tempdimb=\dimen260
)
(c:/Users/jingquanw/texlive/2026/texmf-dist/tex/generic/pgf/utilities/pgfutil-l
atex.def
\pgfutil@abb=\box60
)
(c:/Users/jingquanw/texlive/2026/texmf-dist/tex/generic/pgf/utilities/pgfrcs.co
de.tex
(c:/Users/jingquanw/texlive/2026/texmf-dist/tex/generic/pgf/pgf.revision.tex)
Package: pgfrcs 2026-08-01 v3.1.12 (3.1.12)
))
Package: pgf 2026-08-01 v3.1.12 (3.1.12)

(c:/Users/jingquanw/texlive/2026/texmf-dist/tex/latex/pgf/basiclayer/pgfcore.st
y
(c:/Users/jingquanw/texlive/2026/texmf-dist/tex/latex/pgf/systemlayer/pgfsys.st
y
(c:/Users/jingquanw/texlive/2026/texmf-dist/tex/generic/pgf/systemlayer/pgfsys.
code.tex
Package: pgfsys 2026-08-01 v3.1.12 (3.1.12)

(c:/Users/jingquanw/texlive/2026/texmf-dist/tex/generic/pgf/utilities/pgfkeys.c
ode.tex
\pgfkeys@pathtoks=\toks36
\pgfkeys@temptoks=\toks37

(c:/Users/jingquanw/texlive/2026/texmf-dist/tex/generic/pgf/utilities/pgfkeysli
braryfiltered.code.tex
\pgfkeys@tmptoks=\toks38
))
\pgf@x=\dimen261
\pgf@y=\dimen262
\pgf@xa=\dimen263
\pgf@ya=\dimen264
\pgf@xb=\dimen265
\pgf@yb=\dimen266
\pgf@xc=\dimen267
\pgf@yc=\dimen268
\pgf@xd=\dimen269
\pgf@yd=\dimen270
\w@pgf@writea=\write3
\r@pgf@reada=\read2
\c@pgf@counta=\count324
\c@pgf@countb=\count325
\c@pgf@countc=\count326
\c@pgf@countd=\count327
\t@pgf@toka=\toks39
\t@pgf@tokb=\toks40
\t@pgf@tokc=\toks41
\pgf@sys@id@count=\count328

(c:/Users/jingquanw/texlive/2026/texmf-dist/tex/generic/pgf/systemlayer/pgf.cfg
File: pgf.cfg 2026-08-01 v3.1.12 (3.1.12)
)
Driver file for pgf: pgfsys-pdftex.def

(c:/Users/jingquanw/texlive/2026/texmf-dist/tex/generic/pgf/systemlayer/pgfsys-
pdftex.def
File: pgfsys-pdftex.def 2026-08-01 v3.1.12 (3.1.12)

(c:/Users/jingquanw/texlive/2026/texmf-dist/tex/generic/pgf/systemlayer/pgfsys-
common-pdf.def
File: pgfsys-common-pdf.def 2026-08-01 v3.1.12 (3.1.12)
)))
(c:/Users/jingquanw/texlive/2026/texmf-dist/tex/generic/pgf/systemlayer/pgfsyss
oftpath.code.tex
File: pgfsyssoftpath.code.tex 2026-08-01 v3.1.12 (3.1.12)
\pgfsyssoftpath@smallbuffer@items=\count329
\pgfsyssoftpath@bigbuffer@items=\count330
)
(c:/Users/jingquanw/texlive/2026/texmf-dist/tex/generic/pgf/systemlayer/pgfsysp
rotocol.code.tex
File: pgfsysprotocol.code.tex 2026-08-01 v3.1.12 (3.1.12)
))
(c:/Users/jingquanw/texlive/2026/texmf-dist/tex/generic/pgf/basiclayer/pgfcore.
code.tex
Package: pgfcore 2026-08-01 v3.1.12 (3.1.12)

(c:/Users/jingquanw/texlive/2026/texmf-dist/tex/generic/pgf/math/pgfmath.code.t
ex
(c:/Users/jingquanw/texlive/2026/texmf-dist/tex/generic/pgf/math/pgfmathutil.co
de.tex)
(c:/Users/jingquanw/texlive/2026/texmf-dist/tex/generic/pgf/math/pgfmathparser.
code.tex
\pgfmath@dimen=\dimen271
\pgfmath@count=\count331
\pgfmath@box=\box61
\pgfmath@toks=\toks42
\pgfmath@stack@operand=\toks43
\pgfmath@stack@operation=\toks44
)
(c:/Users/jingquanw/texlive/2026/texmf-dist/tex/generic/pgf/math/pgfmathfunctio
ns.code.tex)
(c:/Users/jingquanw/texlive/2026/texmf-dist/tex/generic/pgf/math/pgfmathfunctio
ns.basic.code.tex)
(c:/Users/jingquanw/texlive/2026/texmf-dist/tex/generic/pgf/math/pgfmathfunctio
ns.trigonometric.code.tex)
(c:/Users/jingquanw/texlive/2026/texmf-dist/tex/generic/pgf/math/pgfmathfunctio
ns.random.code.tex)
(c:/Users/jingquanw/texlive/2026/texmf-dist/tex/generic/pgf/math/pgfmathfunctio
ns.comparison.code.tex)
(c:/Users/jingquanw/texlive/2026/texmf-dist/tex/generic/pgf/math/pgfmathfunctio
ns.base.code.tex)
(c:/Users/jingquanw/texlive/2026/texmf-dist/tex/generic/pgf/math/pgfmathfunctio
ns.round.code.tex)
(c:/Users/jingquanw/texlive/2026/texmf-dist/tex/generic/pgf/math/pgfmathfunctio
ns.misc.code.tex)
(c:/Users/jingquanw/texlive/2026/texmf-dist/tex/generic/pgf/math/pgfmathfunctio
ns.integerarithmetics.code.tex)
(c:/Users/jingquanw/texlive/2026/texmf-dist/tex/generic/pgf/math/pgfmathcalc.co
de.tex)
(c:/Users/jingquanw/texlive/2026/texmf-dist/tex/generic/pgf/math/pgfmathfloat.c
ode.tex
\c@pgfmathroundto@lastzeros=\count332
))
(c:/Users/jingquanw/texlive/2026/texmf-dist/tex/generic/pgf/math/pgfint.code.te
x)
(c:/Users/jingquanw/texlive/2026/texmf-dist/tex/generic/pgf/basiclayer/pgfcorep
oints.code.tex
File: pgfcorepoints.code.tex 2026-08-01 v3.1.12 (3.1.12)
\pgf@picminx=\dimen272
\pgf@picmaxx=\dimen273
\pgf@picminy=\dimen274
\pgf@picmaxy=\dimen275
\pgf@pathminx=\dimen276
\pgf@pathmaxx=\dimen277
\pgf@pathminy=\dimen278
\pgf@pathmaxy=\dimen279
\pgf@xx=\dimen280
\pgf@xy=\dimen281
\pgf@yx=\dimen282
\pgf@yy=\dimen283
\pgf@zx=\dimen284
\pgf@zy=\dimen285
)
(c:/Users/jingquanw/texlive/2026/texmf-dist/tex/generic/pgf/basiclayer/pgfcorep
athconstruct.code.tex
File: pgfcorepathconstruct.code.tex 2026-08-01 v3.1.12 (3.1.12)
\pgf@path@lastx=\dimen286
\pgf@path@lasty=\dimen287
)
(c:/Users/jingquanw/texlive/2026/texmf-dist/tex/generic/pgf/basiclayer/pgfcorep
athusage.code.tex
File: pgfcorepathusage.code.tex 2026-08-01 v3.1.12 (3.1.12)
\pgf@shorten@end@additional=\dimen288
\pgf@shorten@start@additional=\dimen289
)
(c:/Users/jingquanw/texlive/2026/texmf-dist/tex/generic/pgf/basiclayer/pgfcores
copes.code.tex
File: pgfcorescopes.code.tex 2026-08-01 v3.1.12 (3.1.12)
\pgfpic=\box62
\pgf@hbox=\box63
\pgf@layerbox@main=\box64
\pgf@picture@serial@count=\count333
)
(c:/Users/jingquanw/texlive/2026/texmf-dist/tex/generic/pgf/basiclayer/pgfcoreg
raphicstate.code.tex
File: pgfcoregraphicstate.code.tex 2026-08-01 v3.1.12 (3.1.12)
\pgflinewidth=\dimen290
)
(c:/Users/jingquanw/texlive/2026/texmf-dist/tex/generic/pgf/basiclayer/pgfcoret
ransformations.code.tex
File: pgfcoretransformations.code.tex 2026-08-01 v3.1.12 (3.1.12)
\pgf@pt@x=\dimen291
\pgf@pt@y=\dimen292
\pgf@pt@temp=\dimen293
)
(c:/Users/jingquanw/texlive/2026/texmf-dist/tex/generic/pgf/basiclayer/pgfcoreq
uick.code.tex
File: pgfcorequick.code.tex 2026-08-01 v3.1.12 (3.1.12)
)
(c:/Users/jingquanw/texlive/2026/texmf-dist/tex/generic/pgf/basiclayer/pgfcoreo
bjects.code.tex
File: pgfcoreobjects.code.tex 2026-08-01 v3.1.12 (3.1.12)
)
(c:/Users/jingquanw/texlive/2026/texmf-dist/tex/generic/pgf/basiclayer/pgfcorep
athprocessing.code.tex
File: pgfcorepathprocessing.code.tex 2026-08-01 v3.1.12 (3.1.12)
)
(c:/Users/jingquanw/texlive/2026/texmf-dist/tex/generic/pgf/basiclayer/pgfcorea
rrows.code.tex
File: pgfcorearrows.code.tex 2026-08-01 v3.1.12 (3.1.12)
\pgfarrowsep=\dimen294
)
(c:/Users/jingquanw/texlive/2026/texmf-dist/tex/generic/pgf/basiclayer/pgfcores
hade.code.tex
File: pgfcoreshade.code.tex 2026-08-01 v3.1.12 (3.1.12)
\pgf@max=\dimen295
\pgf@sys@shading@range@num=\count334
\pgf@shadingcount=\count335
)
(c:/Users/jingquanw/texlive/2026/texmf-dist/tex/generic/pgf/basiclayer/pgfcorei
mage.code.tex
File: pgfcoreimage.code.tex 2026-08-01 v3.1.12 (3.1.12)
)
(c:/Users/jingquanw/texlive/2026/texmf-dist/tex/generic/pgf/basiclayer/pgfcoree
xternal.code.tex
File: pgfcoreexternal.code.tex 2026-08-01 v3.1.12 (3.1.12)
\pgfexternal@startupbox=\box65
)
(c:/Users/jingquanw/texlive/2026/texmf-dist/tex/generic/pgf/basiclayer/pgfcorel
ayers.code.tex
File: pgfcorelayers.code.tex 2026-08-01 v3.1.12 (3.1.12)
)
(c:/Users/jingquanw/texlive/2026/texmf-dist/tex/generic/pgf/basiclayer/pgfcoret
ransparency.code.tex
File: pgfcoretransparency.code.tex 2026-08-01 v3.1.12 (3.1.12)
)
(c:/Users/jingquanw/texlive/2026/texmf-dist/tex/generic/pgf/basiclayer/pgfcorep
atterns.code.tex
File: pgfcorepatterns.code.tex 2026-08-01 v3.1.12 (3.1.12)
)
(c:/Users/jingquanw/texlive/2026/texmf-dist/tex/generic/pgf/basiclayer/pgfcorer
df.code.tex
File: pgfcorerdf.code.tex 2026-08-01 v3.1.12 (3.1.12)
)))
(c:/Users/jingquanw/texlive/2026/texmf-dist/tex/generic/pgf/modules/pgfmodulesh
apes.code.tex
File: pgfmoduleshapes.code.tex 2026-08-01 v3.1.12 (3.1.12)
\pgfnodeparttextbox=\box66
)
(c:/Users/jingquanw/texlive/2026/texmf-dist/tex/generic/pgf/modules/pgfmodulepl
ot.code.tex
File: pgfmoduleplot.code.tex 2026-08-01 v3.1.12 (3.1.12)
)
(c:/Users/jingquanw/texlive/2026/texmf-dist/tex/latex/pgf/compatibility/pgfcomp
-version-0-65.sty
Package: pgfcomp-version-0-65 2026-08-01 v3.1.12 (3.1.12)
\pgf@nodesepstart=\dimen296
\pgf@nodesepend=\dimen297
)
(c:/Users/jingquanw/texlive/2026/texmf-dist/tex/latex/pgf/compatibility/pgfcomp
-version-1-18.sty
Package: pgfcomp-version-1-18 2026-08-01 v3.1.12 (3.1.12)
))
(c:/Users/jingquanw/texlive/2026/texmf-dist/tex/latex/pgf/utilities/pgffor.sty
(c:/Users/jingquanw/texlive/2026/texmf-dist/tex/latex/pgf/utilities/pgfkeys.sty

(c:/Users/jingquanw/texlive/2026/texmf-dist/tex/generic/pgf/utilities/pgfkeys.c
ode.tex))
(c:/Users/jingquanw/texlive/2026/texmf-dist/tex/latex/pgf/math/pgfmath.sty
(c:/Users/jingquanw/texlive/2026/texmf-dist/tex/generic/pgf/math/pgfmath.code.t
ex))
(c:/Users/jingquanw/texlive/2026/texmf-dist/tex/generic/pgf/utilities/pgffor.co
de.tex
Package: pgffor 2026-08-01 v3.1.12 (3.1.12)
\pgffor@iter=\dimen298
\pgffor@skip=\dimen299
\pgffor@stack=\toks45
\pgffor@toks=\toks46
))
(c:/Users/jingquanw/texlive/2026/texmf-dist/tex/generic/pgf/frontendlayer/tikz/
tikz.code.tex
Package: tikz 2026-08-01 v3.1.12 (3.1.12)

(c:/Users/jingquanw/texlive/2026/texmf-dist/tex/generic/pgf/libraries/pgflibrar
yplothandlers.code.tex
File: pgflibraryplothandlers.code.tex 2026-08-01 v3.1.12 (3.1.12)
\pgf@plot@mark@count=\count336
\pgfplotmarksize=\dimen300
)
\tikz@lastx=\dimen301
\tikz@lasty=\dimen302
\tikz@lastxsaved=\dimen303
\tikz@lastysaved=\dimen304
\tikz@lastmovetox=\dimen305
\tikz@lastmovetoy=\dimen306
\tikzleveldistance=\dimen307
\tikzsiblingdistance=\dimen308
\tikz@figbox=\box67
\tikz@figbox@bg=\box68
\tikz@tempbox=\box69
\tikz@tempbox@bg=\box70
\tikztreelevel=\count337
\tikznumberofchildren=\count338
\tikznumberofcurrentchild=\count339
\tikz@fig@count=\count340

(c:/Users/jingquanw/texlive/2026/texmf-dist/tex/generic/pgf/modules/pgfmodulema
trix.code.tex
File: pgfmodulematrix.code.tex 2026-08-01 v3.1.12 (3.1.12)
\pgfmatrixcurrentrow=\count341
\pgfmatrixcurrentcolumn=\count342
\pgf@matrix@numberofcolumns=\count343
)
\tikz@expandcount=\count344

(c:/Users/jingquanw/texlive/2026/texmf-dist/tex/generic/pgf/frontendlayer/tikz/
libraries/tikzlibrarytopaths.code.tex
File: tikzlibrarytopaths.code.tex 2026-08-01 v3.1.12 (3.1.12)
)))
(c:/Users/jingquanw/texlive/2026/texmf-dist/tex/generic/pgf/frontendlayer/tikz/
libraries/tikzlibrarypositioning.code.tex
File: tikzlibrarypositioning.code.tex 2026-08-01 v3.1.12 (3.1.12)
)
(c:/Users/jingquanw/texlive/2026/texmf-dist/tex/generic/pgf/frontendlayer/tikz/
libraries/tikzlibrarycalc.code.tex
File: tikzlibrarycalc.code.tex 2026-08-01 v3.1.12 (3.1.12)
)
(c:/Users/jingquanw/texlive/2026/texmf-dist/tex/generic/pgf/libraries/pgflibrar
yarrows.meta.code.tex
File: pgflibraryarrows.meta.code.tex 2026-08-01 v3.1.12 (3.1.12)
\pgfarrowinset=\dimen309
\pgfarrowlength=\dimen310
\pgfarrowwidth=\dimen311
\pgfarrowlinewidth=\dimen312
)
(c:/Users/jingquanw/texlive/2026/texmf-dist/tex/generic/pgf/frontendlayer/tikz/
libraries/tikzlibrarydecorations.pathreplacing.code.tex
(c:/Users/jingquanw/texlive/2026/texmf-dist/tex/generic/pgf/frontendlayer/tikz/
libraries/tikzlibrarydecorations.code.tex
(c:/Users/jingquanw/texlive/2026/texmf-dist/tex/generic/pgf/modules/pgfmodulede
corations.code.tex
\pgfdecoratedcompleteddistance=\dimen313
\pgfdecoratedremainingdistance=\dimen314
\pgfdecoratedinputsegmentcompleteddistance=\dimen315
\pgfdecoratedinputsegmentremainingdistance=\dimen316
\pgf@decorate@distancetomove=\dimen317
\pgf@decorate@repeatstate=\count345
\pgfdecorationsegmentamplitude=\dimen318
\pgfdecorationsegmentlength=\dimen319
)
\tikz@lib@dec@box=\box71
)
(c:/Users/jingquanw/texlive/2026/texmf-dist/tex/generic/pgf/libraries/decoratio
ns/pgflibrarydecorations.pathreplacing.code.tex))
(c:/Users/jingquanw/texlive/2026/texmf-dist/tex/latex/caption/subcaption.sty
Package: subcaption 2023/07/28 v1.6b Sub-captions (AR)
Package caption Info: New subtype `subfigure' on input line 238.
\c@subfigure=\count346
Package caption Info: New subtype `subtable' on input line 238.
\c@subtable=\count347
)
(./figures/session_events.tex) (./stats.tex)
(c:/Users/jingquanw/texlive/2026/texmf-dist/tex/latex/l3backend/l3backend-pdfte
x.def
File: l3backend-pdftex.def 2026-07-20 L3 backend support: PDF output (pdfTeX)
\l__color_backend_stack_int=\count348
) (./main.aux)
\openout1 = `main.aux'.

LaTeX Font Info:    Checking defaults for OML/cmm/m/it on input line 47.
LaTeX Font Info:    ... okay on input line 47.
LaTeX Font Info:    Checking defaults for OMS/cmsy/m/n on input line 47.
LaTeX Font Info:    ... okay on input line 47.
LaTeX Font Info:    Checking defaults for OT1/cmr/m/n on input line 47.
LaTeX Font Info:    ... okay on input line 47.
LaTeX Font Info:    Checking defaults for T1/cmr/m/n on input line 47.
LaTeX Font Info:    ... okay on input line 47.
LaTeX Font Info:    Checking defaults for TS1/cmr/m/n on input line 47.
LaTeX Font Info:    ... okay on input line 47.
LaTeX Font Info:    Checking defaults for OMX/cmex/m/n on input line 47.
LaTeX Font Info:    ... okay on input line 47.
LaTeX Font Info:    Checking defaults for U/cmr/m/n on input line 47.
LaTeX Font Info:    ... okay on input line 47.
LaTeX Font Info:    Checking defaults for PD1/pdf/m/n on input line 47.
LaTeX Font Info:    ... okay on input line 47.
LaTeX Font Info:    Checking defaults for PU/pdf/m/n on input line 47.
LaTeX Font Info:    ... okay on input line 47.

(c:/Users/jingquanw/texlive/2026/texmf-dist/tex/context/base/mkii/supp-pdf.mkii
[Loading MPS to PDF converter (version 2006.09.02).]
\scratchcounter=\count349
\scratchdimen=\dimen320
\scratchbox=\box72
\nofMPsegments=\count350
\nofMParguments=\count351
\everyMPshowfont=\toks47
\MPscratchCnt=\count352
\MPscratchDim=\dimen321
\MPnumerator=\count353
\makeMPintoPDFobject=\count354
\everyMPtoPDFconversion=\toks48
)
(c:/Users/jingquanw/texlive/2026/texmf-dist/tex/latex/epstopdf-pkg/epstopdf-bas
e.sty
Package: epstopdf-base 2020-01-24 v2.11 Base part for package epstopdf
Package epstopdf-base Info: Redefining graphics rule for `.eps' on input line 4
85.

(c:/Users/jingquanw/texlive/2026/texmf-dist/tex/latex/latexconfig/epstopdf-sys.
cfg
File: epstopdf-sys.cfg 2010/07/13 v1.3 Configuration of (r)epstopdf for TeX Liv
e
))
*geometry* driver: auto-detecting
*geometry* detected driver: pdftex
*geometry* verbose mode - [ preamble ] result:
* driver: pdftex
* paper: a4paper
* layout: <same size as paper>
* layoutoffset:(h,v)=(0.0pt,0.0pt)
* modes: heightrounded 
* h-part:(L,W,R)=(71.13188pt, 455.24411pt, 71.13188pt)
* v-part:(T,H,B)=(71.13188pt, 702.78308pt, 71.13188pt)
* \paperwidth=597.50787pt
* \paperheight=845.04684pt
* \textwidth=455.24411pt
* \textheight=704.60031pt
* \oddsidemargin=-1.1381pt
* \evensidemargin=-1.1381pt
* \topmargin=-38.1381pt
* \headheight=12.0pt
* \headsep=25.0pt
* \topskip=11.0pt
* \footskip=30.0pt
* \marginparwidth=59.0pt
* \marginparsep=10.0pt
* \columnsep=17.07182pt
* \skip\footins=9.0pt plus 4.0pt minus 2.0pt
* \hoffset=0.0pt
* \voffset=0.0pt
* \mag=1000
* \@twocolumntrue
* \@twosidefalse
* \@mparswitchfalse
* \@reversemarginfalse
* (1in=72.27pt=25.4mm, 1cm=28.453pt)

Package caption Info: Begin \AtBeginDocument code.
Package caption Info: float package is loaded.
Package caption Info: hyperref package is loaded.
Package caption Info: End \AtBeginDocument code.
Package hyperref Info: Link coloring ON on input line 47.
(./main.out) (./main.out)
\@outlinefile=\write4
\openout4 = `main.out'.

LaTeX Info: Redefining \microtypecontext on input line 47.
Package microtype Info: Applying patch `item' on input line 47.
Package microtype Info: Applying patch `toc' on input line 47.
Package microtype Info: Applying patch `eqnum' on input line 47.
Package microtype Info: Applying patch `footnote' on input line 47.
Package microtype Info: Applying patch `verbatim' on input line 47.
LaTeX Info: Redefining \microtypesetup on input line 47.
Package microtype Info: Generating PDF output.
Package microtype Info: Character protrusion enabled (level 2).
Package microtype Info: Using default protrusion set `alltext'.
Package microtype Info: Automatic font expansion enabled (level 2),
(microtype)             stretch: 20, shrink: 20, step: 1, non-selected.
Package microtype Info: Using default expansion set `alltext-nott'.
Package microtype Info: Patching command `\showhyphens'.
Package microtype Info: No adjustment of tracking.
Package microtype Info: No adjustment of interword spacing.
Package microtype Info: No adjustment of character kerning.

(c:/Users/jingquanw/texlive/2026/texmf-dist/tex/latex/microtype/mt-ptm.cfg
File: mt-ptm.cfg 2006/04/20 v1.7 microtype config. file: Times (RS)
)
(c:/Users/jingquanw/texlive/2026/texmf-dist/tex/latex/upquote/upquote.sty
Package: upquote 2012/04/19 v1.3 upright-quote and grave-accent glyphs in verba
tim
)
LaTeX Font Info:    Trying to load font information for T1+zi4 on input line 48
.

(c:/Users/jingquanw/texlive/2026/texmf-dist/tex/latex/inconsolata/t1zi4.fd
File: t1zi4.fd 2018/01/14 T1/zi4 (Inconsolata)
)
LaTeX Font Info:    Font shape `T1/zi4/m/n' will be
(Font)              scaled to size 12.0pt on input line 48.
Package microtype Info: Loading generic protrusion settings for font family
(microtype)             `zi4' (encoding: T1).
(microtype)             For optimal results, create family-specific settings.
(microtype)             See the microtype manual for details.

(./sections/01_intro.tex
Underfull \hbox (badness 1048) in paragraph at lines 15--25
[]\T1/ptm/m/n/10.95 (+20) This pa-per is a lon-gi-tu-di-nal case study of
 []

[1{c:/Users/jingquanw/texlive/2026/texmf-var/fonts/map/pdftex/updmap/pdftex.map
}{c:/Users/jingquanw/texlive/2026/texmf-dist/fonts/enc/dvips/base/8r.enc}{c:/Us
ers/jingquanw/texlive/2026/texmf-dist/fonts/enc/dvips/inconsolata/i4-t1-0.enc}



]) (./sections/02_related.tex) (./sections/03_problem.tex
(./figures/mechanism.tikz
(c:/Users/jingquanw/texlive/2026/texmf-dist/tex/latex/microtype/mt-cmr.cfg
File: mt-cmr.cfg 2013/05/19 v2.2 microtype config. file: Computer Modern Roman 
(RS)
)
LaTeX Font Info:    Trying to load font information for U+lasy on input line 13
.

(c:/Users/jingquanw/texlive/2026/texmf-dist/tex/latex/base/ulasy.fd
File: ulasy.fd 1998/08/17 v2.2e LaTeX symbol font definitions
)
LaTeX Font Info:    Trying to load font information for U+msa on input line 13.


(c:/Users/jingquanw/texlive/2026/texmf-dist/tex/latex/amsfonts/umsa.fd
File: umsa.fd 2013/01/14 v3.01 AMS symbols A
)
(c:/Users/jingquanw/texlive/2026/texmf-dist/tex/latex/microtype/mt-msa.cfg
File: mt-msa.cfg 2006/02/04 v1.1 microtype config. file: AMS symbols (a) (RS)
)
LaTeX Font Info:    Trying to load font information for U+msb on input line 13.


(c:/Users/jingquanw/texlive/2026/texmf-dist/tex/latex/amsfonts/umsb.fd
File: umsb.fd 2013/01/14 v3.01 AMS symbols B
)
(c:/Users/jingquanw/texlive/2026/texmf-dist/tex/latex/microtype/mt-msb.cfg
File: mt-msb.cfg 2005/06/01 v1.0 microtype config. file: AMS symbols (b) (RS)
))
<figures/fig_convergence.pdf, id=141, 133.6995pt x 133.6995pt>
File: figures/fig_convergence.pdf Graphic file (type pdf)
<use figures/fig_convergence.pdf>
Package pdftex.def Info: figures/fig_convergence.pdf  used on input line 11.
(pdftex.def)             Requested size: 133.69916pt x 133.69916pt.

(./figures/identity.tikz) [2]) (./sections/04_system.tex
(./figures/process.tikz
LaTeX Font Info:    Font shape `T1/zi4/m/n' will be
(Font)              scaled to size 7.0pt on input line 7.
)
LaTeX Font Info:    Font shape `T1/zi4/m/n' will be
(Font)              scaled to size 10.95pt on input line 24.

Underfull \hbox (badness 2980) in paragraph at lines 24--32
 []\T1/ptm/b/n/10.95 (+20) Versioned ex-plo-ration tree[] \T1/ptm/m/n/10.95 (+2
0) Ev-ery hy-poth-e-
 []


Underfull \hbox (badness 2237) in paragraph at lines 24--32
\T1/ptm/m/n/10.95 (+20) sis about the method got its own di-rec-tory
 []

[3 <./figures/fig_convergence.pdf>]
Underfull \hbox (badness 10000) in paragraph at lines 50--57
 []\T1/ptm/b/n/10.95 (+20) Proof sand-box[] \T1/ptm/m/n/10.95 (+20) The anal-y-
sis lives in a
 []


Underfull \hbox (badness 2799) in paragraph at lines 50--57
\T1/ptm/m/n/10.95 (+20) Lean 4/Math-lib project out-side the work-ing
 []


Underfull \hbox (badness 10000) in paragraph at lines 67--76
 []\T1/ptm/b/n/10.95 (+20) Command and au-tho-riza-tion bound-aries[]
 []

[4]) (./sections/05_trajectory.tex
<figures/fig_tree.pdf, id=259, 455.30101pt x 260.17201pt>
File: figures/fig_tree.pdf Graphic file (type pdf)
<use figures/fig_tree.pdf>
Package pdftex.def Info: figures/fig_tree.pdf  used on input line 6.
(pdftex.def)             Requested size: 455.24411pt x 260.14752pt.
) (./sections/06_incidents.tex [5]
<figures/fig_incidents.pdf, id=283, 455.30101pt x 144.54pt>
File: figures/fig_incidents.pdf Graphic file (type pdf)
<use figures/fig_incidents.pdf>
Package pdftex.def Info: figures/fig_incidents.pdf  used on input line 38.
(pdftex.def)             Requested size: 455.24411pt x 144.52638pt.
)
(./sections/07_quant.tex [6 <./figures/fig_tree.pdf>]
<figures/fig_session.pdf, id=318, 455.30101pt x 155.38051pt>
File: figures/fig_session.pdf Graphic file (type pdf)
<use figures/fig_session.pdf>
Package pdftex.def Info: figures/fig_session.pdf  used on input line 6.
(pdftex.def)             Requested size: 455.2999pt x 155.38011pt.
)
(./sections/08_discussion.tex [7 <./figures/fig_incidents.pdf>])
(./sections/09_conclusion.tex) (./sections/10_limitations.tex)
(./sections/11_ethics.tex [8 <./figures/fig_session.pdf>]) (./main.bbl
LaTeX Font Info:    Font shape `T1/zi4/m/n' will be
(Font)              scaled to size 10.0pt on input line 7.

Underfull \hbox (badness 2435) in paragraph at lines 74--80
\T1/ptm/m/n/10 (+20) Tao Tu, Anil Palepu, Petar Sirkovic, Ar-tiom
 []

[9]
Underfull \hbox (badness 10000) in paragraph at lines 154--161
[]\T1/ptm/m/n/10 (+20) Bernardino Romera-Paredes, Mo-ham-madamin
 []


Underfull \hbox (badness 3646) in paragraph at lines 154--161
\T1/ptm/m/n/10 (+20) Barekatain, Alexan-der Novikov, Matej Ba-log,
 []


Underfull \hbox (badness 1502) in paragraph at lines 216--222
[]\T1/ptm/m/n/10 (+20) Jingquan Wang. 2026.  A sixth-order Lie-group
 []


Underfull \hbox (badness 10000) in paragraph at lines 216--222
[][]$\T1/zi4/m/n/10 https : / / github . com / jqwang2373 / integrator _
 []

[10]) (./sections/appendix.tex
Underfull \hbox (badness 3386) in paragraph at lines 53--53
[]|\T1/ptm/m/n/7 (+20) Yoshida-composed Lie mid-
 []


Underfull \hbox (badness 10000) in paragraph at lines 56--56
[]|\T1/ptm/m/n/7 (+20) absolute-coordinate Gauss
 []


Underfull \hbox (badness 10000) in paragraph at lines 57--57
[]|\T1/ptm/m/n/7 (+20) endpoint-constrained Gauss
 []


Underfull \hbox (badness 5302) in paragraph at lines 63--63
[]|\T1/ptm/m/n/7 (+20) Gauss4 vs Gauss6 fric-tion
 []


Underfull \hbox (badness 10000) in paragraph at lines 71--71
[]|\T1/ptm/m/n/7 (+20) revolute Brown--McPhee
 []


Underfull \hbox (badness 10000) in paragraph at lines 72--72
[]|\T1/ptm/m/n/7 (+20) absolute-coordinate rev-o-lute
 []


Underfull \hbox (badness 2980) in paragraph at lines 73--73
[]|\T1/ptm/m/n/7 (+20) direct Lo-batto full rev-o-lute
 []


Underfull \hbox (badness 10000) in paragraph at lines 74--74
[]|\T1/ptm/m/n/7 (+20) projected ab-so-lute rev-o-lute
 []


Underfull \hbox (badness 10000) in paragraph at lines 102--102
[]|\T1/ptm/m/n/7 (+20) two-body cylin-dri-cal chain
 []


Underfull \hbox (badness 4001) in paragraph at lines 103--104
[]|\T1/ptm/m/n/7 (+20) external com-par-i-son scaf-fold; 0/40
 []


Underfull \hbox (badness 1062) in paragraph at lines 129--148
\T1/ptm/m/n/10.95 (+20) lo-gin), lightly para-phrased from Chi-nese and
 []

) [11] [12] [13] (./main.aux)
 ***********
LaTeX2e <2026-06-01>
L3 programming layer <2026-07-20>
 ***********
Package rerunfilecheck Info: File `main.out' has not changed.
(rerunfilecheck)             Checksum: 55896233B33334277407C1B89D68191A;2315.
 ) 
Here is how much of TeX's memory you used:
 27292 strings out of 467159
 517355 string characters out of 5404997
 986212 words of memory out of 5000000
 55519 multiletter control sequences out of 15000+600000
 697859 words of font info for 386 fonts, out of 8000000 for 9000
 1141 hyphenation exceptions out of 8191
 92i,12n,94p,1450b,1166s stack positions out of 10000i,1000n,20000p,200000b,200000s
<c:/Users/jingquanw/texlive/2026/texmf-dist/fonts/type1/public/inconsolata/In
consolata-zi4r.pfb><c:/Users/jingquanw/texlive/2026/texmf-dist/fonts/type1/publ
ic/amsfonts/cm/cmmi10.pfb><c:/Users/jingquanw/texlive/2026/texmf-dist/fonts/typ
e1/public/amsfonts/cm/cmmi5.pfb><c:/Users/jingquanw/texlive/2026/texmf-dist/fon
ts/type1/public/amsfonts/cm/cmmi7.pfb><c:/Users/jingquanw/texlive/2026/texmf-di
st/fonts/type1/public/amsfonts/cm/cmmi8.pfb><c:/Users/jingquanw/texlive/2026/te
xmf-dist/fonts/type1/public/amsfonts/cm/cmmi9.pfb><c:/Users/jingquanw/texlive/2
026/texmf-dist/fonts/type1/public/amsfonts/cm/cmr10.pfb><c:/Users/jingquanw/tex
live/2026/texmf-dist/fonts/type1/public/amsfonts/cm/cmr5.pfb><c:/Users/jingquan
w/texlive/2026/texmf-dist/fonts/type1/public/amsfonts/cm/cmr7.pfb><c:/Users/jin
gquanw/texlive/2026/texmf-dist/fonts/type1/public/amsfonts/cm/cmr8.pfb><c:/User
s/jingquanw/texlive/2026/texmf-dist/fonts/type1/public/amsfonts/cm/cmr9.pfb><c:
/Users/jingquanw/texlive/2026/texmf-dist/fonts/type1/public/amsfonts/cm/cmsy10.
pfb><c:/Users/jingquanw/texlive/2026/texmf-dist/fonts/type1/public/amsfonts/cm/
cmsy5.pfb><c:/Users/jingquanw/texlive/2026/texmf-dist/fonts/type1/public/amsfon
ts/cm/cmsy7.pfb><c:/Users/jingquanw/texlive/2026/texmf-dist/fonts/type1/public/
amsfonts/cm/cmsy8.pfb><c:/Users/jingquanw/texlive/2026/texmf-dist/fonts/type1/u
rw/times/utmb8a.pfb><c:/Users/jingquanw/texlive/2026/texmf-dist/fonts/type1/urw
/times/utmr8a.pfb><c:/Users/jingquanw/texlive/2026/texmf-dist/fonts/type1/urw/t
imes/utmri8a.pfb>
Output written on main.pdf (13 pages, 343288 bytes).
PDF statistics:
 589 PDF objects out of 1000 (max. 8388607)
 492 compressed objects within 5 object streams
 99 named destinations out of 1000 (max. 500000)
 65169 words of extra memory for PDF output out of 74296 (max. 10000000)

