This is pdfTeX, Version 3.141592653-2.6-1.40.29 (TeX Live 2026) (preloaded format=pdflatex 2026.8.12)  21 SEP 2026 13:08
entering extended mode
 restricted \write18 enabled.
 %&-line parsing enabled.
**main_cmame.tex
(./main_cmame.tex
LaTeX2e <2026-06-01>
L3 programming layer <2026-07-20>

(c:/Users/jingquanw/texlive/2026/texmf-dist/tex/latex/elsarticle/elsarticle.cls
Document Class: elsarticle 2026/01/09, 3.5: Elsevier Ltd
(c:/Users/jingquanw/texlive/2026/texmf-dist/tex/latex/base/fontenc.sty
Package: fontenc 2025/07/18 v2.1d Standard LaTeX package
)
(c:/Users/jingquanw/texlive/2026/texmf-dist/tex/latex/l3kernel/expl3.sty
Package: expl3 2026-07-20 L3 programming layer (loader) 

(c:/Users/jingquanw/texlive/2026/texmf-dist/tex/latex/l3backend/l3backend-pdfte
x.def
File: l3backend-pdftex.def 2026-07-20 L3 backend support: PDF output (pdfTeX)
\l__color_backend_stack_int=\count276
))
(c:/Users/jingquanw/texlive/2026/texmf-dist/tex/latex/l3packages/xparse/xparse.
sty
Package: xparse 2025-10-09 L3 Experimental document command parser
)
(c:/Users/jingquanw/texlive/2026/texmf-dist/tex/latex/etoolbox/etoolbox.sty
Package: etoolbox 2025/10/02 v2.5m e-TeX tools for LaTeX (JAW)
\etb@tempcnta=\count277
)
\@bls=\dimen150

(c:/Users/jingquanw/texlive/2026/texmf-dist/tex/latex/base/article.cls
Document Class: article 2025/01/22 v1.4n Standard LaTeX document class
(c:/Users/jingquanw/texlive/2026/texmf-dist/tex/latex/base/size12.clo
File: size12.clo 2025/01/22 v1.4n Standard LaTeX file (size option)
)
\c@part=\count278
\c@section=\count279
\c@subsection=\count280
\c@subsubsection=\count281
\c@paragraph=\count282
\c@subparagraph=\count283
\c@figure=\count284
\c@table=\count285
\abovecaptionskip=\skip49
\belowcaptionskip=\skip50
\bibindent=\dimen151
)
(c:/Users/jingquanw/texlive/2026/texmf-dist/tex/latex/graphics/graphicx.sty
Package: graphicx 2026-05-17 v1.2e Enhanced LaTeX Graphics (DPC,SPQR)

(c:/Users/jingquanw/texlive/2026/texmf-dist/tex/latex/graphics/keyval.sty
Package: keyval 2026-05-17 v1.15 key=value parser (DPC)
\KV@toks@=\toks17
)
(c:/Users/jingquanw/texlive/2026/texmf-dist/tex/latex/graphics/graphics.sty
Package: graphics 2026-05-17 v1.4h Standard LaTeX Graphics (DPC,SPQR)

(c:/Users/jingquanw/texlive/2026/texmf-dist/tex/latex/graphics/trig.sty
Package: trig 2023/12/02 v1.11 sin cos tan (DPC)
)
(c:/Users/jingquanw/texlive/2026/texmf-dist/tex/latex/graphics-cfg/graphics.cfg
File: graphics.cfg 2016/06/04 v1.11 sample graphics configuration
)
Package graphics Info: Driver file: pdftex.def on input line 106.
 (c:/Users/jingquanw/texlive/2026/texmf-dist/tex/latex/graphics-def/pdftex.def
File: pdftex.def 2025/09/29 v1.2d Graphics/color driver for pdftex
))
\Gin@req@height=\dimen152
\Gin@req@width=\dimen153
)
\c@tnote=\count286
\c@fnote=\count287
\c@cnote=\count288
\c@ead=\count289
\c@elsarticle@author=\count290
\@eadauthor=\toks18
\c@affn=\count291
\absbox=\box53
\elsarticlehighlightsbox=\box54
\elsarticlegrabsbox=\box55
\keybox=\box56
\Columnwidth=\dimen154
\space@left=\dimen155
\els@boxa=\box57
\els@boxb=\box58
\leftMargin=\dimen156
\@enLab=\toks19
\@sep=\skip51
\@@sep=\skip52
 (./main_cmame.spl)
(c:/Users/jingquanw/texlive/2026/texmf-dist/tex/latex/natbib/natbib.sty
Package: natbib 2010/09/13 8.31b (PWD, AO)
\bibhang=\skip53
\bibsep=\skip54
LaTeX Info: Redefining \cite on input line 694.
\c@NAT@ctr=\count292
)
\splwrite=\write3
\openout3 = `main_cmame.spl'.

\appnamewidth=\dimen157
)
(c:/Users/jingquanw/texlive/2026/texmf-dist/tex/latex/amsmath/amsmath.sty
Package: amsmath 2026/05/19 v2.18d AMS math features
\@mathmargin=\skip55

For additional information on amsmath, use the `?' option.
(c:/Users/jingquanw/texlive/2026/texmf-dist/tex/latex/amsmath/amstext.sty
Package: amstext 2024/11/17 v2.01 AMS text

(c:/Users/jingquanw/texlive/2026/texmf-dist/tex/latex/amsmath/amsgen.sty
File: amsgen.sty 1999/11/30 v2.0 generic functions
\@emptytoks=\toks20
\ex@=\dimen158
))
(c:/Users/jingquanw/texlive/2026/texmf-dist/tex/latex/amsmath/amsbsy.sty
Package: amsbsy 1999/11/29 v1.2d Bold Symbols
\pmbraise@=\dimen159
)
(c:/Users/jingquanw/texlive/2026/texmf-dist/tex/latex/amsmath/amsopn.sty
Package: amsopn 2022/04/08 v2.04 operator names
)
\inf@bad=\count293
LaTeX Info: Redefining \frac on input line 233.
\uproot@=\count294
\leftroot@=\count295
LaTeX Info: Redefining \overline on input line 398.
LaTeX Info: Redefining \colon on input line 409.
\classnum@=\count296
\DOTSCASE@=\count297
LaTeX Info: Redefining \ldots on input line 495.
LaTeX Info: Redefining \dots on input line 498.
LaTeX Info: Redefining \cdots on input line 619.
\Mathstrutbox@=\box59
\strutbox@=\box60
LaTeX Info: Redefining \big on input line 721.
LaTeX Info: Redefining \Big on input line 722.
LaTeX Info: Redefining \bigg on input line 723.
LaTeX Info: Redefining \Bigg on input line 724.
\big@size=\dimen160
LaTeX Font Info:    Redeclaring font encoding OML on input line 742.
LaTeX Font Info:    Redeclaring font encoding OMS on input line 743.
\macc@depth=\count298
LaTeX Info: Redefining \bmod on input line 904.
LaTeX Info: Redefining \pmod on input line 909.
LaTeX Info: Redefining \smash on input line 939.
LaTeX Info: Redefining \relbar on input line 969.
LaTeX Info: Redefining \Relbar on input line 970.
\c@MaxMatrixCols=\count299
\dotsspace@=\muskip17
\c@parentequation=\count300
\dspbrk@lvl=\count301
\tag@help=\toks21
\row@=\count302
\column@=\count303
\maxfields@=\count304
\andhelp@=\toks22
\eqnshift@=\dimen161
\alignsep@=\dimen162
\tagshift@=\dimen163
\tagwidth@=\dimen164
\totwidth@=\dimen165
\lineht@=\dimen166
\@envbody=\toks23
\multlinegap=\skip56
\multlinetaggap=\skip57
\mathdisplay@stack=\toks24
LaTeX Info: Redefining \[ on input line 2965.
LaTeX Info: Redefining \] on input line 2966.
)
(c:/Users/jingquanw/texlive/2026/texmf-dist/tex/latex/amsfonts/amssymb.sty
Package: amssymb 2013/01/14 v3.01 AMS font symbols

(c:/Users/jingquanw/texlive/2026/texmf-dist/tex/latex/amsfonts/amsfonts.sty
Package: amsfonts 2013/01/14 v3.01 Basic AMSFonts support
\symAMSa=\mathgroup4
\symAMSb=\mathgroup5
LaTeX Font Info:    Redeclaring math symbol \hbar on input line 98.
LaTeX Font Info:    Overwriting math alphabet `\mathfrak' in version `bold'
(Font)                  U/euf/m/n --> U/euf/b/n on input line 106.
))
(c:/Users/jingquanw/texlive/2026/texmf-dist/tex/latex/amscls/amsthm.sty
Package: amsthm 2020/05/29 v2.20.6
\thm@style=\toks25
\thm@bodyfont=\toks26
\thm@headfont=\toks27
\thm@notefont=\toks28
\thm@headpunct=\toks29
\thm@preskip=\skip58
\thm@postskip=\skip59
\thm@headsep=\skip60
\dth@everypar=\toks30
LaTeX Info: Redefining \qed on input line 273.
)
(c:/Users/jingquanw/texlive/2026/texmf-dist/tex/latex/tools/array.sty
Package: array 2026/02/24 v2.7b Tabular extension package (FMi)
\col@sep=\dimen167
\ar@mcellbox=\box61
\extrarowheight=\dimen168
\NC@list=\toks31
\extratabsurround=\skip61
\backup@length=\skip62
\ar@cellbox=\box62
)
(c:/Users/jingquanw/texlive/2026/texmf-dist/tex/latex/booktabs/booktabs.sty
Package: booktabs 2020/01/12 v1.61803398 Publication quality tables
\heavyrulewidth=\dimen169
\lightrulewidth=\dimen170
\cmidrulewidth=\dimen171
\belowrulesep=\dimen172
\belowbottomsep=\dimen173
\aboverulesep=\dimen174
\abovetopsep=\dimen175
\cmidrulesep=\dimen176
\cmidrulekern=\dimen177
\defaultaddspace=\dimen178
\@cmidla=\count305
\@cmidlb=\count306
\@aboverulesep=\dimen179
\@belowrulesep=\dimen180
\@thisruleclass=\count307
\@lastruleclass=\count308
\@thisrulewidth=\dimen181
)
(c:/Users/jingquanw/texlive/2026/texmf-dist/tex/latex/url/url.sty
\Urlmuskip=\muskip18
Package: url 2013/09/16  ver 3.4  Verb mode for urls, etc.
)
(c:/Users/jingquanw/texlive/2026/texmf-dist/tex/latex/xcolor/xcolor.sty
Package: xcolor 2024/09/29 v3.02 LaTeX color extensions (UK)

(c:/Users/jingquanw/texlive/2026/texmf-dist/tex/latex/graphics-cfg/color.cfg
File: color.cfg 2016/01/02 v1.6 sample color configuration
)
Package xcolor Info: Driver file: pdftex.def on input line 274.

(c:/Users/jingquanw/texlive/2026/texmf-dist/tex/latex/graphics/mathcolor.ltx)
Package xcolor Info: Model `cmy' substituted by `cmy0' on input line 1349.
Package xcolor Info: Model `hsb' substituted by `rgb' on input line 1353.
Package xcolor Info: Model `RGB' extended on input line 1365.
Package xcolor Info: Model `HTML' substituted by `rgb' on input line 1367.
Package xcolor Info: Model `Hsb' substituted by `hsb' on input line 1368.
Package xcolor Info: Model `tHsb' substituted by `hsb' on input line 1369.
Package xcolor Info: Model `HSB' substituted by `hsb' on input line 1370.
Package xcolor Info: Model `Gray' substituted by `gray' on input line 1371.
Package xcolor Info: Model `wave' substituted by `hsb' on input line 1372.
)
\c@assumption=\count309
\c@definition=\count310
\c@lemma=\count311
\c@theorem=\count312
\c@proposition=\count313
\c@corollary=\count314

(./main_cmame.aux)
\openout1 = `main_cmame.aux'.

LaTeX Font Info:    Checking defaults for OML/cmm/m/it on input line 44.
LaTeX Font Info:    ... okay on input line 44.
LaTeX Font Info:    Checking defaults for OMS/cmsy/m/n on input line 44.
LaTeX Font Info:    ... okay on input line 44.
LaTeX Font Info:    Checking defaults for OT1/cmr/m/n on input line 44.
LaTeX Font Info:    ... okay on input line 44.
LaTeX Font Info:    Checking defaults for T1/cmr/m/n on input line 44.
LaTeX Font Info:    ... okay on input line 44.
LaTeX Font Info:    Checking defaults for TS1/cmr/m/n on input line 44.
LaTeX Font Info:    ... okay on input line 44.
LaTeX Font Info:    Checking defaults for OMX/cmex/m/n on input line 44.
LaTeX Font Info:    ... okay on input line 44.
LaTeX Font Info:    Checking defaults for U/cmr/m/n on input line 44.
LaTeX Font Info:    ... okay on input line 44.

(c:/Users/jingquanw/texlive/2026/texmf-dist/tex/context/base/mkii/supp-pdf.mkii
[Loading MPS to PDF converter (version 2006.09.02).]
\scratchcounter=\count315
\scratchdimen=\dimen182
\scratchbox=\box63
\nofMPsegments=\count316
\nofMParguments=\count317
\everyMPshowfont=\toks32
\MPscratchCnt=\count318
\MPscratchDim=\dimen183
\MPnumerator=\count319
\makeMPintoPDFobject=\count320
\everyMPtoPDFconversion=\toks33
)
(c:/Users/jingquanw/texlive/2026/texmf-dist/tex/latex/epstopdf-pkg/epstopdf-bas
e.sty
Package: epstopdf-base 2020-01-24 v2.11 Base part for package epstopdf
Package epstopdf-base Info: Redefining graphics rule for `.eps' on input line 4
85.

(c:/Users/jingquanw/texlive/2026/texmf-dist/tex/latex/latexconfig/epstopdf-sys.
cfg
File: epstopdf-sys.cfg 2010/07/13 v1.3 Configuration of (r)epstopdf for TeX Liv
e
))
LaTeX Font Info:    Trying to load font information for U+msa on input line 68.

 (c:/Users/jingquanw/texlive/2026/texmf-dist/tex/latex/amsfonts/umsa.fd
File: umsa.fd 2013/01/14 v3.01 AMS symbols A
)
LaTeX Font Info:    Trying to load font information for U+msb on input line 68.


(c:/Users/jingquanw/texlive/2026/texmf-dist/tex/latex/amsfonts/umsb.fd
File: umsb.fd 2013/01/14 v3.01 AMS symbols B
)
[1


{c:/Users/jingquanw/texlive/2026/texmf-var/fonts/map/pdftex/updmap/pdftex.map}{
c:/Users/jingquanw/texlive/2026/texmf-dist/fonts/enc/dvips/cm-super/cm-super-t1
.enc}]
LaTeX Font Info:    Calculating math sizes for size <> on input line 89.


LaTeX Font Warning: Font shape `OT1/cmr/m/n' in size <> not available
(Font)              size <5> substituted on input line 89.


LaTeX Font Warning: Font shape `OT1/cmr/m/n' in size <0.7> not available
(Font)              size <5> substituted on input line 89.


LaTeX Font Warning: Font shape `OT1/cmr/m/n' in size <0.5> not available
(Font)              size <5> substituted on input line 89.


LaTeX Font Warning: Font shape `OML/cmm/m/it' in size <> not available
(Font)              size <5> substituted on input line 89.


LaTeX Font Warning: Font shape `OML/cmm/m/it' in size <0.7> not available
(Font)              size <5> substituted on input line 89.


LaTeX Font Warning: Font shape `OML/cmm/m/it' in size <0.5> not available
(Font)              size <5> substituted on input line 89.


LaTeX Font Warning: Font shape `OMS/cmsy/m/n' in size <> not available
(Font)              size <5> substituted on input line 89.


LaTeX Font Warning: Font shape `OMS/cmsy/m/n' in size <0.7> not available
(Font)              size <5> substituted on input line 89.


LaTeX Font Warning: Font shape `OMS/cmsy/m/n' in size <0.5> not available
(Font)              size <5> substituted on input line 89.

[2] [3] [4] [5] [6]
LaTeX Font Info:    Trying to load font information for U+euf on input line 284
.

(c:/Users/jingquanw/texlive/2026/texmf-dist/tex/latex/amsfonts/ueuf.fd
File: ueuf.fd 2013/01/14 v3.01 Euler Fraktur
)
[7]
Overfull \hbox (0.60095pt too wide) in paragraph at lines 335--354
 [][] 
 []

<figures/chain_schematic.png, id=44, 338.355pt x 314.703pt>
File: figures/chain_schematic.png Graphic file (type png)
<use figures/chain_schematic.png>
Package pdftex.def Info: figures/chain_schematic.png  used on input line 360.
(pdftex.def)             Requested size: 390.0pt x 362.74597pt.
[8] [9 <./figures/chain_schematic.png>]
<figures/method_overview.png, id=58, 390.5865pt x 348.21pt>
File: figures/method_overview.png Graphic file (type png)
<use figures/method_overview.png>
Package pdftex.def Info: figures/method_overview.png  used on input line 449.
(pdftex.def)             Requested size: 390.0pt x 347.70439pt.
 [10] [11] [12 <./figures/method_overview.png>] [13]
Underfull \hbox (badness 2913) in paragraph at lines 568--572
\T1/cmr/m/it/12 row rank, the con-strained mass ma-trix is non-sin-gu-lar on th
e
 []

[14] [15] [16] [17] [18] [19] [20] [21] [22]
<figures/e1_convergence.png, id=102, 462.528pt x 216.81pt>
File: figures/e1_convergence.png Graphic file (type png)
<use figures/e1_convergence.png>
Package pdftex.def Info: figures/e1_convergence.png  used on input line 1006.
(pdftex.def)             Requested size: 390.0pt x 182.8205pt.
 [23]
<figures/e2_gauss_family.png, id=106, 462.528pt x 216.81pt>
File: figures/e2_gauss_family.png Graphic file (type png)
<use figures/e2_gauss_family.png>
Package pdftex.def Info: figures/e2_gauss_family.png  used on input line 1067.
(pdftex.def)             Requested size: 390.0pt x 182.8205pt.
 [24 <./figures/e1_convergence.png>]
<figures/e3_friction_sweep.png, id=111, 462.528pt x 216.81pt>
File: figures/e3_friction_sweep.png Graphic file (type png)
<use figures/e3_friction_sweep.png>
Package pdftex.def Info: figures/e3_friction_sweep.png  used on input line 1110
.
(pdftex.def)             Requested size: 390.0pt x 182.8205pt.
 [25 <./figures/e2_gauss_family.png>] [26 <./figures/e3_friction_sweep.png>]
<figures/mechanisms.png, id=122, 356.4225pt x 337.041pt>
File: figures/mechanisms.png Graphic file (type png)
<use figures/mechanisms.png>
Package pdftex.def Info: figures/mechanisms.png  used on input line 1144.
(pdftex.def)             Requested size: 390.0pt x 368.80739pt.
<figures/e4_benchmarks.png, id=123, 462.528pt x 404.712pt>
File: figures/e4_benchmarks.png Graphic file (type png)
<use figures/e4_benchmarks.png>
Package pdftex.def Info: figures/e4_benchmarks.png  used on input line 1181.
(pdftex.def)             Requested size: 390.0pt x 341.26495pt.
 [27] [28 <./figures/mechanisms.png>] [29 <./figures/e4_benchmarks.png>]
<figures/e5_double_pendulum.png, id=135, 462.528pt x 252.945pt>
File: figures/e5_double_pendulum.png Graphic file (type png)
<use figures/e5_double_pendulum.png>
Package pdftex.def Info: figures/e5_double_pendulum.png  used on input line 124
4.
(pdftex.def)             Requested size: 390.0pt x 213.29059pt.
<figures/e6_regular_branch.png, id=136, 462.528pt x 216.81pt>
File: figures/e6_regular_branch.png Graphic file (type png)
<use figures/e6_regular_branch.png>
Package pdftex.def Info: figures/e6_regular_branch.png  used on input line 1265
.
(pdftex.def)             Requested size: 390.0pt x 182.8205pt.

[30]

LaTeX Warning: Text page 31 contains only floats.

[31 <./figures/e5_double_pendulum.png> <./figures/e6_regular_branch.png>]
[32] [33] [34] [35] [36] [37]
Underfull \hbox (badness 1490) in paragraph at lines 1587--1601
\T1/cmr/m/n/12 the ex-per-i-ments of Sec-tion 6[] are the scripts $\T1/cmtt/m/n
/12 e1 _ convergence . py$ \T1/cmr/m/n/12 to
 []


Underfull \hbox (badness 10000) in paragraph at lines 1587--1601
\T1/cmtt/m/n/12 e7 _ solver _ envelope . py$ \T1/cmr/m/n/12 in $\T1/cmtt/m/n/12
 numerics / v049 _ paper _ experiments/$\T1/cmr/m/n/12 ,
 []


Underfull \hbox (badness 3803) in paragraph at lines 1587--1601
\T1/cmr/m/n/12 each of which writes a CSV and a JSON file un-der $\T1/cmtt/m/n/
12 results/$\T1/cmr/m/n/12 ;
 []


Underfull \hbox (badness 3679) in paragraph at lines 1587--1601
\T1/cmr/m/n/12 the fig-ures are drawn from those files by $\T1/cmtt/m/n/12 make
 _ figures . py$\T1/cmr/m/n/12 , and
 []


Underfull \hbox (badness 5431) in paragraph at lines 1587--1601
\T1/cmtt/m/n/12 validation / validate _ manuscript . py$ \T1/cmr/m/n/12 checks 
that ev-ery num-ber in
 []

[38]
Underfull \hbox (badness 1681) in paragraph at lines 1647--1651
\T1/cmr/m/n/12 Euler--Lagrange equa-tions with con-straints, Jour-nal of Com-pu
-ta-
 []

[39] [40] [41] [42]
Underfull \hbox (badness 2150) in paragraph at lines 1846--1851
[]\T1/cmr/m/n/12 M. An-itescu, F.A. Po-tra, For-mu-lat-ing dy-namic multi-rigid
-body
 []


Underfull \hbox (badness 6110) in paragraph at lines 1846--1851
\T1/cmr/m/n/12 con-tact prob-lems with fric-tion as solv-able lin-ear com-ple-m
en-
 []


Underfull \hbox (badness 6094) in paragraph at lines 1846--1851
\T1/cmr/m/n/12 tar-ity prob-lems, Non-lin-ear Dy-nam-ics 14 (3) (1997) 231--247
.
 []

[43] [44] (./main_cmame.aux)
 ***********
LaTeX2e <2026-06-01>
L3 programming layer <2026-07-20>
 ***********


LaTeX Font Warning: Size substitutions with differences
(Font)              up to 4.5pt have occurred.

 ) 
Here is how much of TeX's memory you used:
 5147 strings out of 467159
 76629 string characters out of 5404997
 509245 words of memory out of 5000000
 34355 multiletter control sequences out of 15000+600000
 647255 words of font info for 100 fonts, out of 8000000 for 9000
 1141 hyphenation exceptions out of 8191
 72i,12n,79p,615b,429s stack positions out of 10000i,1000n,20000p,200000b,200000s
<c:/Users/jingquanw/texlive/2026/texmf-dist/fonts/type1/public/amsfonts/cm/cm
ex10.pfb><c:/Users/jingquanw/texlive/2026/texmf-dist/fonts/type1/public/amsfont
s/cm/cmmi10.pfb><c:/Users/jingquanw/texlive/2026/texmf-dist/fonts/type1/public/
amsfonts/cm/cmmi12.pfb><c:/Users/jingquanw/texlive/2026/texmf-dist/fonts/type1/
public/amsfonts/cm/cmmi6.pfb><c:/Users/jingquanw/texlive/2026/texmf-dist/fonts/
type1/public/amsfonts/cm/cmmi7.pfb><c:/Users/jingquanw/texlive/2026/texmf-dist/
fonts/type1/public/amsfonts/cm/cmmi8.pfb><c:/Users/jingquanw/texlive/2026/texmf
-dist/fonts/type1/public/amsfonts/cm/cmr10.pfb><c:/Users/jingquanw/texlive/2026
/texmf-dist/fonts/type1/public/amsfonts/cm/cmr12.pfb><c:/Users/jingquanw/texliv
e/2026/texmf-dist/fonts/type1/public/amsfonts/cm/cmr6.pfb><c:/Users/jingquanw/t
exlive/2026/texmf-dist/fonts/type1/public/amsfonts/cm/cmr7.pfb><c:/Users/jingqu
anw/texlive/2026/texmf-dist/fonts/type1/public/amsfonts/cm/cmr8.pfb><c:/Users/j
ingquanw/texlive/2026/texmf-dist/fonts/type1/public/amsfonts/cm/cmsy10.pfb><c:/
Users/jingquanw/texlive/2026/texmf-dist/fonts/type1/public/amsfonts/cm/cmsy7.pf
b><c:/Users/jingquanw/texlive/2026/texmf-dist/fonts/type1/public/amsfonts/cm/cm
sy8.pfb><c:/Users/jingquanw/texlive/2026/texmf-dist/fonts/type1/public/amsfonts
/euler/eufm10.pfb><c:/Users/jingquanw/texlive/2026/texmf-dist/fonts/type1/publi
c/amsfonts/symbols/msam10.pfb><c:/Users/jingquanw/texlive/2026/texmf-dist/fonts
/type1/public/amsfonts/symbols/msbm10.pfb><c:/Users/jingquanw/texlive/2026/texm
f-dist/fonts/type1/public/cm-super/sfbx1200.pfb><c:/Users/jingquanw/texlive/202
6/texmf-dist/fonts/type1/public/cm-super/sfrm0800.pfb><c:/Users/jingquanw/texli
ve/2026/texmf-dist/fonts/type1/public/cm-super/sfrm1000.pfb><c:/Users/jingquanw
/texlive/2026/texmf-dist/fonts/type1/public/cm-super/sfrm1095.pfb><c:/Users/jin
gquanw/texlive/2026/texmf-dist/fonts/type1/public/cm-super/sfrm1200.pfb><c:/Use
rs/jingquanw/texlive/2026/texmf-dist/fonts/type1/public/cm-super/sfrm1728.pfb><
c:/Users/jingquanw/texlive/2026/texmf-dist/fonts/type1/public/cm-super/sfti0700
.pfb><c:/Users/jingquanw/texlive/2026/texmf-dist/fonts/type1/public/cm-super/sf
ti1000.pfb><c:/Users/jingquanw/texlive/2026/texmf-dist/fonts/type1/public/cm-su
per/sfti1200.pfb><c:/Users/jingquanw/texlive/2026/texmf-dist/fonts/type1/public
/cm-super/sftt1000.pfb><c:/Users/jingquanw/texlive/2026/texmf-dist/fonts/type1/
public/cm-super/sftt1200.pfb>
Output written on main_cmame.pdf (44 pages, 1430600 bytes).
PDF statistics:
 308 PDF objects out of 1000 (max. 8388607)
 186 compressed objects within 2 object streams
 0 named destinations out of 1000 (max. 500000)
 46 words of extra memory for PDF output out of 10000 (max. 10000000)

